
HP@DESKTOP-312QEHD MINGW64 ~ (master)
$ git clone https://github.com/ithqindia/training-repo-2.git
Cloning into 'training-repo-2'...
remote: Enumerating objects: 3, done.
remote: Counting objects: 100% (3/3), done.
remote: Total 3 (delta 0), reused 0 (delta 0), pack-reused 0
Receiving objects: 100% (3/3), done.

HP@DESKTOP-312QEHD MINGW64 ~ (master)
$ git checkout develop
error: pathspec 'develop' did not match any file(s) known to git

HP@DESKTOP-312QEHD MINGW64 ~ (master)
$ git pull
There is no tracking information for the current branch.
Please specify which branch you want to merge with.
See git-pull(1) for details.

    git pull <remote> <branch>

If you wish to set tracking information for this branch you can do so with:

    git branch --set-upstream-to=<remote>/<branch> master


HP@DESKTOP-312QEHD MINGW64 ~ (master)
$ cd traini-report
bash: cd: traini-report: No such file or directory

HP@DESKTOP-312QEHD MINGW64 ~ (master)
$ cd traini-report-2
bash: cd: traini-report-2: No such file or directory

HP@DESKTOP-312QEHD MINGW64 ~ (master)
$ cd training-report-2
bash: cd: training-report-2: No such file or directory

HP@DESKTOP-312QEHD MINGW64 ~ (master)
$ cd training-repo-2

HP@DESKTOP-312QEHD MINGW64 ~/training-repo-2 (main)
$ git checkout  develop
Switched to a new branch 'develop'
Branch 'develop' set up to track remote branch 'develop' from 'origin'.

HP@DESKTOP-312QEHD MINGW64 ~/training-repo-2 (develop)
$ git pull
Already up to date.

HP@DESKTOP-312QEHD MINGW64 ~/training-repo-2 (develop)
$ git checkout -b feature/aboutus
Switched to a new branch 'feature/aboutus'

HP@DESKTOP-312QEHD MINGW64 ~/training-repo-2 (feature/aboutus)
$ code .

HP@DESKTOP-312QEHD MINGW64 ~/training-repo-2 (feature/aboutus)
$ git add .

HP@DESKTOP-312QEHD MINGW64 ~/training-repo-2 (feature/aboutus)
$ git commit -m 'aboutus page added'
[feature/aboutus 49d9c8f] aboutus page added
 2 files changed, 174 insertions(+)
 create mode 100644 aboutus/aboutus.html
 create mode 100644 aboutus/style.css

HP@DESKTOP-312QEHD MINGW64 ~/training-repo-2 (feature/aboutus)
$ git push
fatal: The current branch feature/aboutus has no upstream branch.
To push the current branch and set the remote as upstream, use

    git push --set-upstream origin feature/aboutus


HP@DESKTOP-312QEHD MINGW64 ~/training-repo-2 (feature/aboutus)
$  git push --set-upstream origin feature/aboutus
Enumerating objects: 6, done.
Counting objects: 100% (6/6), done.
Delta compression using up to 4 threads
Compressing objects: 100% (5/5), done.
Writing objects: 100% (5/5), 1.77 KiB | 907.00 KiB/s, done.
Total 5 (delta 0), reused 0 (delta 0), pack-reused 0
remote:
remote: Create a pull request for 'feature/aboutus' on GitHub by visiting:
remote:      https://github.com/ithqindia/training-repo-2/pull/new/feature/aboutus
remote:
To https://github.com/ithqindia/training-repo-2.git
 * [new branch]      feature/aboutus -> feature/aboutus
Branch 'feature/aboutus' set up to track remote branch 'feature/aboutus' from 'origin'.

HP@DESKTOP-312QEHD MINGW64 ~/training-repo-2 (feature/aboutus)
$ git checkout develop
Switched to branch 'develop'
Your branch is up to date with 'origin/develop'.

HP@DESKTOP-312QEHD MINGW64 ~/training-repo-2 (develop)
$ git pull
remote: Enumerating objects: 23, done.
remote: Counting objects: 100% (23/23), done.
remote: Compressing objects: 100% (20/20), done.
remote: Total 21 (delta 4), reused 12 (delta 0), pack-reused 0
Unpacking objects: 100% (21/21), 4.60 KiB | 3.00 KiB/s, done.
From https://github.com/ithqindia/training-repo-2
   4da0bd5..d8daba7  develop         -> origin/develop
 * [new branch]      feature/service -> origin/feature/service
Updating 4da0bd5..d8daba7
Fast-forward
 Contact.html         |  18 +++++++++
 Help.html            |  16 ++++++++
 aboutus/aboutus.html |  69 +++++++++++++++++++++++++++++++++
 aboutus/style.css    | 105 +++++++++++++++++++++++++++++++++++++++++++++++++++
 services.html        |  24 ++++++++++++
 5 files changed, 232 insertions(+)
 create mode 100644 Contact.html
 create mode 100644 Help.html
 create mode 100644 aboutus/aboutus.html
 create mode 100644 aboutus/style.css
 create mode 100644 services.html

HP@DESKTOP-312QEHD MINGW64 ~/training-repo-2 (develop)
$ git checkout -b feature/interntraining
Switched to a new branch 'feature/interntraining'

HP@DESKTOP-312QEHD MINGW64 ~/training-repo-2 (feature/interntraining)
$ cd training-report-2
bash: cd: training-report-2: No such file or directory

HP@DESKTOP-312QEHD MINGW64 ~/training-repo-2 (feature/interntraining)
$ git add .

HP@DESKTOP-312QEHD MINGW64 ~/training-repo-2 (feature/interntraining)
$ git commit -m 'new branch added which used bootstrap'
[feature/interntraining 0b7474b] new branch added which used bootstrap
 1 file changed, 71 insertions(+)
 create mode 100644 interntraining/aboutus.html

HP@DESKTOP-312QEHD MINGW64 ~/training-repo-2 (feature/interntraining)
$ git push
fatal: The current branch feature/interntraining has no upstream branch.
To push the current branch and set the remote as upstream, use

    git push --set-upstream origin feature/interntraining


HP@DESKTOP-312QEHD MINGW64 ~/training-repo-2 (feature/interntraining)
$  git push --set-upstream origin feature/interntraining
Enumerating objects: 5, done.
Counting objects: 100% (5/5), done.
Delta compression using up to 4 threads
Compressing objects: 100% (3/3), done.
Writing objects: 100% (4/4), 1.62 KiB | 554.00 KiB/s, done.
Total 4 (delta 1), reused 0 (delta 0), pack-reused 0
remote: Resolving deltas: 100% (1/1), completed with 1 local object.
remote:
remote: Create a pull request for 'feature/interntraining' on GitHub by visiting:
remote:      https://github.com/ithqindia/training-repo-2/pull/new/feature/interntraining
remote:
To https://github.com/ithqindia/training-repo-2.git
 * [new branch]      feature/interntraining -> feature/interntraining
Branch 'feature/interntraining' set up to track remote branch 'feature/interntraining' from 'origin'.

HP@DESKTOP-312QEHD MINGW64 ~/training-repo-2 (feature/interntraining)
$ git add .

HP@DESKTOP-312QEHD MINGW64 ~/training-repo-2 (feature/interntraining)
$ git commit -m 'document formatted'
On branch feature/interntraining
Your branch is up to date with 'origin/feature/interntraining'.

nothing to commit, working tree clean

HP@DESKTOP-312QEHD MINGW64 ~/training-repo-2 (feature/interntraining)
$ git push
Everything up-to-date

HP@DESKTOP-312QEHD MINGW64 ~/training-repo-2 (feature/interntraining)
$
